﻿[dotenv@17.3.1] injecting env (6) from .env -- tip: ÔÜÖ´©Å  write to custom object with { processEnv: myObject }
AGORA (ISO): 2026-03-12T00:40:06.964Z
AGORA (SP): 11/03/2026, 21:40:06

--- Testando: "me lembre de ligar para o Jo├úo amanh├ú ├ás 10h" ---
--- RAW GROQ RESPONSE ---
 Para criar um lembrete de ligar para o Jo├úo amanh├ú ├ás 10h, primeiro precisamos calcular a data e o hor├írio em UTC, considerando o fuso hor├írio do usu├írio (America/Sao_Paulo, UTC-3).

A data de hoje ├® quarta-feira, 11 de mar├ºo de 2026. Portanto, "amanh├ú" seria quinta-feira, 12 de mar├ºo de 2026.

O hor├írio especificado ├® 10h da manh├ú local. Para converter para UTC, adicionamos 3 horas, resultando em 13:00:00Z.

Agora, podemos criar o JSON para o lembrete:

```json
{
  "intent": "reminder",
  "summary": "Ligar para o Jo├úo",
  "data": {
    "scheduledAt": "2026-03-12T13:00:00.000Z"
  }
}
``` 
--------------------------
Resultado Final: {
  "intent": "chat",
  "summary": "me lembre de ligar para o Jo├úo amanh├ú ├ás 10h",
  "data": {}
}
node.exe : Error in Groq extractIntent: 
SyntaxError: Unexpected token 'P', "Para 
criar"... is not valid JSON
No linha:1 caractere:1
+ & "C:\Program Files\nodejs/node.exe" 
"C:\Program Files\nodejs/node_mo ...
+ ~~~~~~~~~~~~~~~~~~~~~~~~~~~~~~~~~~~~~~~~~
~~~~~~~~~~~~~~~~~~~~~~~~~~~~
    + CategoryInfo          : NotSpecified 
   : (Error in Groq e... not valid JSON:S  
  tring) [], RemoteException
    + FullyQualifiedErrorId : NativeComman 
   dError
 
    at JSON.parse (<anonymous>)
    at GroqService.extractIntent 
(C:\Users\uniao\OneDrive\Desktop\Ideias Dev
\telegram_personal_assistant\src\services\g
roq.service.ts:61:23)
    at process.processTicksAndRejections 
(node:internal/process/task_queues:103:5)
    at async testExtraction 
(C:\Users\uniao\OneDrive\Desktop\Ideias Dev
\telegram_personal_assistant\test_dates.ts:
15:24)
    at async runTests 
(C:\Users\uniao\OneDrive\Desktop\Ideias Dev
\telegram_personal_assistant\test_dates.ts:
45:5)
Inten├º├úo: chat
Sum├írio: me lembre de ligar para o Jo├úo amanh├ú ├ás 10h

--- Testando: "me avise da reuni├úo pr├│ximo domingo" ---
--- RAW GROQ RESPONSE ---
 Para criar um lembrete para a reuni├úo no pr├│ximo domingo, primeiro precisamos calcular a data e o hor├írio corretos com base nas regras fornecidas.

Hoje ├® quarta-feira, 11 de mar├ºo de 2026. O pr├│ximo domingo seria o dia 15 de mar├ºo de 2026. Como n├úo foi especificado um hor├írio, usaremos 12:00:00Z (09:00:00 local) como padr├úo.

Agora, vamos calcular o hor├írio em UTC (com 'Z') para o pr├│ximo domingo ├ás 09:00:00 local. Considerando que o fuso local ├® America/Sao_Paulo (UTC-3), adicionamos 3 horas ao hor├írio local para obter o hor├írio em UTC:

09:00:00 local (America/Sao_Paulo) + 3 horas = 12:00:00Z

Portanto, o lembrete deve ser agendado para o dia 15 de mar├ºo de 2026, ├ás 12:00:00Z.

A estrutura do JSON para este lembrete seria:

```json
{
  "intent": "reminder",
  "summary": "Reuni├úo no pr├│ximo domingo",
  "data": {
    "scheduledAt": "2026-03-15T12:00:00Z"
  }
}
``` 
--------------------------
Error in Groq extractIntent: SyntaxError: 
Unexpected token 'P', "Para criar"... is 
not valid JSON
    at JSON.parse (<anonymous>)
    at GroqService.extractIntent 
(C:\Users\uniao\OneDrive\Desktop\Ideias Dev
\telegram_personal_assistant\src\services\g
roq.service.ts:61:23)
    at process.processTicksAndRejections 
(node:internal/process/task_queues:103:5)
    at async testExtraction 
(C:\Users\uniao\OneDrive\Desktop\Ideias Dev
\telegram_personal_assistant\test_dates.ts:
15:24)
    at async runTests 
(C:\Users\uniao\OneDrive\Desktop\Ideias Dev
\telegram_personal_assistant\test_dates.ts:
46:5)
Resultado Final: {
  "intent": "chat",
  "summary": "me avise da reuni├úo pr├│ximo domingo",
  "data": {}
}
Inten├º├úo: chat
Sum├írio: me avise da reuni├úo pr├│ximo domingo

--- Testando: "academia ├ás 15h" ---
--- RAW GROQ RESPONSE ---
 Para criar um lembrete de academia ├ás 15h, precisamos considerar o fuso hor├írio do usu├írio (UTC-3) e converter o hor├írio para UTC. 

O usu├írio est├í no fuso America/Sao_Paulo (UTC-3), ent├úo 15h local corresponde a 18h UTC.

A mensagem de lembrete deve ser estruturada da seguinte forma:

```
{
  "intent": "reminder",
  "summary": "Academia",
  "data": {
    "scheduledAt": "2026-03-11T18:00:00Z"
  }
}
```

Essa estrutura de JSON representa um lembrete ├║nico para academia, agendado para ├ás 15h do dia 11 de mar├ºo de 2026, no fuso hor├írio local do usu├írio, que corresponde a 18h UTC. 
--------------------------
Error in Groq extractIntent: SyntaxError: 
Unexpected token 'P', "Para criar"... is 
not valid JSON
    at JSON.parse (<anonymous>)
    at GroqService.extractIntent 
(C:\Users\uniao\OneDrive\Desktop\Ideias Dev
\telegram_personal_assistant\src\services\g
roq.service.ts:61:23)
    at process.processTicksAndRejections 
(node:internal/process/task_queues:103:5)
    at async testExtraction 
(C:\Users\uniao\OneDrive\Desktop\Ideias Dev
\telegram_personal_assistant\test_dates.ts:
15:24)
    at async runTests 
(C:\Users\uniao\OneDrive\Desktop\Ideias Dev
\telegram_personal_assistant\test_dates.ts:
47:5)
Resultado Final: {
  "intent": "chat",
  "summary": "academia ├ás 15h",
  "data": {}
}
Inten├º├úo: chat
Sum├írio: academia ├ás 15h

--- Testando: "Me lembre das datas do Concurso C├ómara Goi├ónia: 15/03 Prova Objetiva, 20/04 Resultado" ---
--- RAW GROQ RESPONSE ---
 Para processar a mensagem "Me lembre das datas do Concurso C├ómara Goi├ónia: 15/03 Prova Objetiva, 20/04 Resultado", precisamos identificar a inten├º├úo e estruturar a resposta de acordo com o formato JSON fornecido.

A inten├º├úo aqui ├® "bulk_reminders" porque estamos lidando com m├║ltiplos lembretes (datas do concurso).

Primeiramente, precisamos calcular as datas e hor├írios em UTC, considerando o fuso hor├írio America/Sao_Paulo (UTC-3).

1. **15/03 Prova Objetiva**: Como n├úo h├í hor├írio especificado, usaremos 09:00:00 local, que ├® 12:00:00Z (UTC).
2. **20/04 Resultado**: Novamente, sem hor├írio especificado, usaremos 09:00:00 local, que ├® 12:00:00Z (UTC).

Agora, vamos estructurar a resposta em JSON:

```json
{
  "intent": "bulk_reminders",
  "summary": "Lembretes do Concurso C├ómara Goi├ónia",
  "data": {
    "items": [
      {
        "description": "Prova Objetiva",
        "scheduledAt": "2026-03-15T12:00:00Z"
      },
      {
        "description": "Resultado",
        "scheduledAt": "2026-04-20T12:00:00Z"
      }
    ]
  }
}
```

Essa estrutura de JSON atende ├ás exig├¬ncias fornecidas, considerando a inten├º├úo de "bulk_reminders" para m├║ltiplos lembretes, com cada item contendo uma descri├º├úo e um hor├írio agendado em UTC. 
--------------------------
Error in Groq extractIntent: SyntaxError: 
Unexpected token 'P', "Para proce"... is 
not valid JSON
    at JSON.parse (<anonymous>)
    at GroqService.extractIntent 
(C:\Users\uniao\OneDrive\Desktop\Ideias Dev
\telegram_personal_assistant\src\services\g
roq.service.ts:61:23)
    at process.processTicksAndRejections 
(node:internal/process/task_queues:103:5)
    at async testExtraction 
(C:\Users\uniao\OneDrive\Desktop\Ideias Dev
\telegram_personal_assistant\test_dates.ts:
15:24)
    at async runTests 
(C:\Users\uniao\OneDrive\Desktop\Ideias Dev
\telegram_personal_assistant\test_dates.ts:
48:5)
Resultado Final: {
  "intent": "chat",
  "summary": "Me lembre das datas do Concurso C├ómara Goi├ónia: 15/03 Prova Objetiva, 20/04 Resultado",
  "data": {}
}
Inten├º├úo: chat
Sum├írio: Me lembre das datas do Concurso C├ómara Goi├ónia: 15/03 Prova Objetiva, 20/04 Resultado
